../Core/Src/console.cpp:41:17:uint32_t ConsoleCommandMatch(const char*, const char*)	24	static
../Core/Src/console.cpp:74:17:uint32_t ConsoleResetBuffer(char*, uint32_t, uint32_t)	32	static
../Core/Src/console.cpp:94:16:int32_t ConsoleCommandEndline(const char*, uint32_t)	24	static
../Core/Src/console.cpp:113:6:void ConsoleInit()	16	static
../Core/Src/console.cpp:133:6:void ConsoleProcess(encoder*)	40	static
../Core/Src/console.cpp:195:25:eCommandResult_T ConsoleParamFindN(const char*, uint8_t, uint32_t*)	40	static
../Core/Src/console.cpp:225:18:eCommandResult_T ConsoleReceiveParamInt16(const char*, uint8_t, int16_t*)	48	static
../Core/Src/console.cpp:260:18:eCommandResult_T ConsoleReceiveParamHexUint16(const char*, uint8_t, uint16_t*)	48	static
../Core/Src/console.cpp:298:18:eCommandResult_T ConsoleSendParamHexUint16(uint16_t)	32	static
../Core/Src/console.cpp:319:18:eCommandResult_T ConsoleSendParamHexUint8(uint8_t)	24	static
../Core/Src/console.cpp:344:13:void smallItoa(int, char*, int)	40	static
../Core/Src/console.cpp:381:18:eCommandResult_T ConsoleSendParamInt16(int16_t)	24	static
../Core/Src/console.cpp:395:18:eCommandResult_T ConsoleSendParamInt32(int32_t)	32	static
../Core/Src/console.cpp:407:25:eCommandResult_T ConsoleUtilHexCharToInt(char, uint8_t*)	24	static
../Core/Src/console.cpp:438:25:eCommandResult_T ConsoleUtilsIntToHexChar(uint8_t, char*)	24	static
../Core/Src/console.cpp:464:18:eCommandResult_T ConsoleSendString(const char*)	16	static
../Core/Src/console.cpp:472:18:eCommandResult_T ConsoleSendLine(const char*)	16	static
../Core/Src/console.cpp:479:18:eCommandResult_T ConsoleGet()	8	static
