../Core/Src/consoleCommands.cpp:51:25:eCommandResult_T ConsoleCommandComment(const char*)	16	static
../Core/Src/consoleCommands.cpp:58:25:eCommandResult_T ConsoleCommandHelp(const char*)	32	static
../Core/Src/consoleCommands.cpp:79:25:eCommandResult_T ConsoleCommandParamExampleInt16(const char*)	24	static
../Core/Src/consoleCommands.cpp:95:25:eCommandResult_T ConsoleCommandParamExampleHexUint16(const char*)	24	static
../Core/Src/consoleCommands.cpp:109:25:eCommandResult_T ConsoleCommandLedRed(const char*)	24	static
../Core/Src/consoleCommands.cpp:119:25:eCommandResult_T ConsoleCommandLedGreen(const char*)	24	static
../Core/Src/consoleCommands.cpp:129:25:eCommandResult_T ConsoleCommandLedBlue(const char*)	24	static
../Core/Src/consoleCommands.cpp:139:25:eCommandResult_T ConsoleCommandGetSetpoint(const char*)	24	static
../Core/Src/consoleCommands.cpp:149:25:eCommandResult_T ConsoleCommandSetSetpoint(const char*)	24	static
../Core/Src/consoleCommands.cpp:165:25:eCommandResult_T ConsoleCommandGetCurrentPos(const char*)	24	static
../Core/Src/consoleCommands.cpp:175:25:eCommandResult_T ConsoleCommandSetMode(const char*)	24	static
../Core/Src/consoleCommands.cpp:192:25:eCommandResult_T ConsoleCommandVer(const char*)	24	static
../Core/Src/consoleCommands.cpp:204:31:const sConsoleCommandTable_T* ConsoleCommandsGetTable()	4	static
