../Core/Src/consoleCommands.cpp:59:25:eCommandResult_T ConsoleCommandComment(const char*)	16	static
../Core/Src/consoleCommands.cpp:66:25:eCommandResult_T ConsoleCommandHelp(const char*)	32	static
../Core/Src/consoleCommands.cpp:87:25:eCommandResult_T ConsoleCommandParamExampleInt16(const char*)	24	static
../Core/Src/consoleCommands.cpp:103:25:eCommandResult_T ConsoleCommandParamExampleHexUint16(const char*)	24	static
../Core/Src/consoleCommands.cpp:117:25:eCommandResult_T ConsoleCommandLedRed(const char*)	24	static
../Core/Src/consoleCommands.cpp:127:25:eCommandResult_T ConsoleCommandLedGreen(const char*)	24	static
../Core/Src/consoleCommands.cpp:137:25:eCommandResult_T ConsoleCommandLedBlue(const char*)	24	static
../Core/Src/consoleCommands.cpp:147:25:eCommandResult_T ConsoleCommandGetSetpoint(const char*)	24	static
../Core/Src/consoleCommands.cpp:157:25:eCommandResult_T ConsoleCommandSetSetpoint(const char*)	24	static
../Core/Src/consoleCommands.cpp:174:25:eCommandResult_T ConsoleCommandSetAngle(const char*)	24	static
../Core/Src/consoleCommands.cpp:189:25:eCommandResult_T ConsoleCommandGetCurrentPos(const char*)	24	static
../Core/Src/consoleCommands.cpp:199:25:eCommandResult_T ConsoleCommandSetMode(const char*)	24	static
../Core/Src/consoleCommands.cpp:215:25:eCommandResult_T ConsoleCommandSetKp(const char*)	24	static
../Core/Src/consoleCommands.cpp:231:25:eCommandResult_T ConsoleCommandSetKi(const char*)	24	static
../Core/Src/consoleCommands.cpp:247:25:eCommandResult_T ConsoleCommandSetKd(const char*)	24	static
../Core/Src/consoleCommands.cpp:264:25:eCommandResult_T ConsoleCommandVer(const char*)	24	static
../Core/Src/consoleCommands.cpp:276:31:const sConsoleCommandTable_T* ConsoleCommandsGetTable()	4	static
