../Core/Src/consoleCommands.cpp:49:25:eCommandResult_T ConsoleCommandComment(const char*)	16	static
../Core/Src/consoleCommands.cpp:56:25:eCommandResult_T ConsoleCommandHelp(const char*)	32	static
../Core/Src/consoleCommands.cpp:77:25:eCommandResult_T ConsoleCommandParamExampleInt16(const char*)	24	static
../Core/Src/consoleCommands.cpp:93:25:eCommandResult_T ConsoleCommandParamExampleHexUint16(const char*)	24	static
../Core/Src/consoleCommands.cpp:107:25:eCommandResult_T ConsoleCommandLedRed(const char*)	24	static
../Core/Src/consoleCommands.cpp:117:25:eCommandResult_T ConsoleCommandLedGreen(const char*)	24	static
../Core/Src/consoleCommands.cpp:127:25:eCommandResult_T ConsoleCommandLedBlue(const char*)	24	static
../Core/Src/consoleCommands.cpp:137:25:eCommandResult_T ConsoleCommandGetSetpoint(const char*)	24	static
../Core/Src/consoleCommands.cpp:147:25:eCommandResult_T ConsoleCommandSetSetpoint(const char*)	24	static
../Core/Src/consoleCommands.cpp:163:25:eCommandResult_T ConsoleCommandGetCurrentPos(const char*)	24	static
../Core/Src/consoleCommands.cpp:173:25:eCommandResult_T ConsoleCommandVer(const char*)	24	static
../Core/Src/consoleCommands.cpp:185:31:const sConsoleCommandTable_T* ConsoleCommandsGetTable()	4	static
